////////////////////////////////////////////////////////////////////////////////
///////////////////InstallShield Media Library Report Summary///////////////////
////////////////////////////////////////////////////////////////////////////////

Media Name      : File
Report Filename : M:\dlls\gm0\Hirst Gaussmeter Drivers\Media\File\Report Files\11-28-2002 2.05.36PM.rpt
Date            : 11/28/2002
Time            : 2:05PM

Number of Components:                4 
Number of File Groups:               4 
Number of Files:                     5 
Total Size of Files:           255,488 (bytes)

==========
COMPONENTS
==========


     Program Files
     Example Files
     Help Files
     Shared DLLs


////////////////////////////////////////////////////////////////////////////////
/////////////////////////////////Report Details/////////////////////////////////
////////////////////////////////////////////////////////////////////////////////


================================================================================
                            COMPONENT: "Help Files"
================================================================================

SUMMARY:
    Total Files:                2 (files for this component only)
    Source Bytes:          62,976 (files for this component only)


                       **** File Group: "Help Files" ****


<Directory>: M:\dlls\gm0

    Filename                    Date        Time      Size         Version      
    --------------------------  ----------  --------  -----------  -------------
    GM0DLLAPI.doc               11/28/2002  12:46:34       34,816               
    GM0ControlAPI.doc           11/28/2002  13:24:58       28,160               
    --------------------------  ----------  --------  -----------  -------------
    Count=2                                                62,976               


================================================================================
                            COMPONENT: "Shared DLLs"
================================================================================

SUMMARY:
    Total Files:                3 (files for this component only)
    Source Bytes:         255,488 (files for this component only)


                      **** File Group: "Program DLLs" ****


<Directory>: M:\dlls\gm0\gm0\Release

    Filename                    Date        Time      Size         Version      
    --------------------------  ----------  --------  -----------  -------------
    gm0.dll                     11/28/2002  13:37:56       32,768  1.0.0.0      
    --------------------------  ----------  --------  -----------  -------------
    Count=1                                                32,768               


                      **** File Group: "Shared DLLs" ****


<Directory>: M:\dlls\gm0\gm0\HMI_timer\Release

    Filename                    Date        Time      Size         Version      
    --------------------------  ----------  --------  -----------  -------------
    HMI_timer.dll               11/28/2002  13:59:30       69,632  1.0.0.1      
    --------------------------  ----------  --------  -----------  -------------
    Count=1                                                69,632               


<Directory>: M:\dlls\gm0\gm0\GMControl\Release

    Filename                    Date        Time      Size         Version      
    --------------------------  ----------  --------  -----------  -------------
    GMControl.dll               11/28/2002  13:59:56       90,112  1.0.0.1      
    --------------------------  ----------  --------  -----------  -------------
    Count=1                                                90,112               
