////////////////////////////////////////////////////////////////////////////////
///////////////////InstallShield Media Library Report Summary///////////////////
////////////////////////////////////////////////////////////////////////////////

Media Name      : File
Report Filename : M:\dlls\gm0\GM0 Install Sheild\Media\File\Report Files\2-04-2004 2.59.42PM.rpt
Date            : 02/04/2004
Time            : 2:59PM

Number of Components:                4 
Number of File Groups:               5 
Number of Files:                    19 
Total Size of Files:         2,180,183 (bytes)

==========
COMPONENTS
==========


     Program Files
     Example Files
     Help Files
     Shared DLLs


////////////////////////////////////////////////////////////////////////////////
/////////////////////////////////Report Details/////////////////////////////////
////////////////////////////////////////////////////////////////////////////////


================================================================================
                           COMPONENT: "Program Files"
================================================================================

SUMMARY:
    Total Files:                2 (files for this component only)
    Source Bytes:          57,344 (files for this component only)


                **** File Group: "Program Executable Files" ****


<Directory>: M:\dlls\gm0\gm0\dlltest\Release

    Filename                    Date        Time      Size         Version      
    --------------------------  ----------  --------  -----------  -------------
    dlltest.exe                 01/27/2004  11:40:46       20,480  1.0.0.0      
    --------------------------  ----------  --------  -----------  -------------
    Count=1                                                20,480               


<Directory>: M:\dlls\gm0\VBGM0

    Filename                    Date        Time      Size         Version      
    --------------------------  ----------  --------  -----------  -------------
    GM0Example.exe              12/04/2003  15:55:38       36,864  1.0.0.0      
    --------------------------  ----------  --------  -----------  -------------
    Count=1                                                36,864               


================================================================================
                           COMPONENT: "Example Files"
================================================================================

SUMMARY:
    Total Files:               13 (files for this component only)
    Source Bytes:         259,093 (files for this component only)


                     **** File Group: "Example Files" ****


<Directory>: M:\dlls\gm0

    Filename                    Date        Time      Size         Version      
    --------------------------  ----------  --------  -----------  -------------
    GMExample2.xls              01/27/2004  14:22:00       49,664               
    --------------------------  ----------  --------  -----------  -------------
    Count=1                                                49,664               


<Directory>: M:\dlls\gm0\VBGM0

    Filename                    Date        Time      Size         Version      
    --------------------------  ----------  --------  -----------  -------------
    Project1.vbp                01/27/2004  16:49:13          917               
    Form1.frm                   11/07/2003  10:38:48       11,174               
    Form1.frx                   11/07/2003  10:38:46           36               
    GM0Example.DEP              03/24/2003  16:06:10          511               
    GM0Example.exe              12/04/2003  15:55:38       36,864  1.0.0.0      
    Project1.PDM                03/24/2003  16:06:10        2,150               
    Project1.vbw                01/27/2004  16:54:19           49               
    --------------------------  ----------  --------  -----------  -------------
    Count=7                                                51,701               


<Directory>: M:\dlls\gm0\labview

    Filename                    Date        Time      Size         Version      
    --------------------------  ----------  --------  -----------  -------------
    gm0.vi                      12/04/2003  15:33:50       79,891               
    gmXcontrol.ctl              12/04/2003  14:52:56        6,490               
    gmXcontrol.cls              12/04/2003  14:41:06          462               
    gmXcontrol.vbp              12/04/2003  14:52:56          981               
    --------------------------  ----------  --------  -----------  -------------
    Count=4                                                87,824               


<Directory>: M:\dlls\gm0\gm0\NOVCTest

    Filename                    Date        Time      Size         Version      
    --------------------------  ----------  --------  -----------  -------------
    novcmain.c                  01/27/2004  16:24:41       12,560               
    --------------------------  ----------  --------  -----------  -------------
    Count=1                                                12,560               


================================================================================
                            COMPONENT: "Shared DLLs"
================================================================================

SUMMARY:
    Total Files:                4 (files for this component only)
    Source Bytes:       2,180,183 (files for this component only)


                      **** File Group: "Shared DLLs" ****


<Directory>: M:\dlls\gm0\gm0\HMI_timer\Release

    Filename                    Date        Time      Size         Version      
    --------------------------  ----------  --------  -----------  -------------
    HMI_timer.dll               08/22/2003  09:41:42       69,632  1.0.0.0      
    --------------------------  ----------  --------  -----------  -------------
    Count=1                                                69,632               


<Directory>: C:\WINNT\system32

    Filename                    Date        Time      Size         Version      
    --------------------------  ----------  --------  -----------  -------------
    msvbvm60.dll                08/23/2001  05:00:00    1,388,544  6.0.92.37    
    --------------------------  ----------  --------  -----------  -------------
    Count=1                                             1,388,544               


<Directory>: M:\dlls\gm0\gm0\GMControl2\Release

    Filename                    Date        Time      Size         Version      
    --------------------------  ----------  --------  -----------  -------------
    GMControl2.dll              12/04/2003  15:22:22      426,050  1.0.0.1      
    --------------------------  ----------  --------  -----------  -------------
    Count=1                                               426,050               


<Directory>: M:\dlls\gm0\labview

    Filename                    Date        Time      Size         Version      
    --------------------------  ----------  --------  -----------  -------------
    gmXcontrol.ocx              12/04/2003  14:58:06       36,864  1.0.0.0      
    --------------------------  ----------  --------  -----------  -------------
    Count=1                                                36,864               
