////////////////////////////////////////////////////////////////////////////////
///////////////////InstallShield Media Library Report Summary///////////////////
////////////////////////////////////////////////////////////////////////////////

Media Name      : File
Report Filename : M:\dlls\gm0\GM0 Install Sheild\Media\File\Report Files\2-09-2004 2.06.29PM.rpt
Date            : 02/09/2004
Time            : 2:06PM

Number of Components:                5 
Number of File Groups:               6 
Number of Files:                    25 
Total Size of Files:        21,309,105 (bytes)

==========
COMPONENTS
==========


     Program Files
     Example Files
     Help Files
     Shared DLLs
     System Dlls


////////////////////////////////////////////////////////////////////////////////
/////////////////////////////////Report Details/////////////////////////////////
////////////////////////////////////////////////////////////////////////////////


================================================================================
                           COMPONENT: "Program Files"
================================================================================

SUMMARY:
    Total Files:                2 (files for this component only)
    Source Bytes:          57,344 (files for this component only)


                **** File Group: "Program Executable Files" ****


<Directory>: M:\dlls\gm0\gm0\dlltest\Release

    Filename                    Date        Time      Size         Version      
    --------------------------  ----------  --------  -----------  -------------
    dlltest.exe                 02/09/2004  12:04:46       20,480  2.0.0.0      
    --------------------------  ----------  --------  -----------  -------------
    Count=1                                                20,480               


<Directory>: M:\dlls\gm0\VBGM0

    Filename                    Date        Time      Size         Version      
    --------------------------  ----------  --------  -----------  -------------
    GM0Example.exe              02/09/2004  12:04:40       36,864  1.0.0.0      
    --------------------------  ----------  --------  -----------  -------------
    Count=1                                                36,864               


================================================================================
                           COMPONENT: "Example Files"
================================================================================

SUMMARY:
    Total Files:               15 (files for this component only)
    Source Bytes:      17,617,385 (files for this component only)


                     **** File Group: "Example Files" ****


<Directory>: M:\dlls\gm0

    Filename                    Date        Time      Size         Version      
    --------------------------  ----------  --------  -----------  -------------
    GMExample2.xls              02/09/2004  13:18:37       81,920               
    --------------------------  ----------  --------  -----------  -------------
    Count=1                                                81,920               


<Directory>: M:\dlls\gm0\VBGM0

    Filename                    Date        Time      Size         Version      
    --------------------------  ----------  --------  -----------  -------------
    Project1.vbp                02/09/2004  12:04:40          915               
    Form1.frm                   02/09/2004  12:04:40       11,174               
    Form1.frx                   02/09/2004  12:04:40           36               
    GM0Example.DEP              02/09/2004  12:04:40          511               
    GM0Example.exe              02/09/2004  12:04:40       36,864  1.0.0.0      
    Project1.PDM                02/09/2004  12:04:40        2,150               
    Project1.vbw                02/09/2004  12:04:40           49               
    --------------------------  ----------  --------  -----------  -------------
    Count=7                                                51,699               


<Directory>: M:\dlls\gm0

    Filename                    Date        Time      Size         Version      
    --------------------------  ----------  --------  -----------  -------------
    VBGM0src.zip                02/09/2004  12:05:00       14,046               
    gm0src.zip                  02/09/2004  13:22:31   17,311,992               
    --------------------------  ----------  --------  -----------  -------------
    Count=2                                            17,326,038               


<Directory>: M:\dlls\gm0\labview

    Filename                    Date        Time      Size         Version      
    --------------------------  ----------  --------  -----------  -------------
    gm0.vi                      02/09/2004  12:04:58       79,891               
    gmXcontrol.ctl              02/09/2004  12:04:58        6,490               
    gmXcontrol.cls              02/09/2004  12:04:58          462               
    gmXcontrol.vbp              02/09/2004  12:04:58          981               
    --------------------------  ----------  --------  -----------  -------------
    Count=4                                                87,824               


<Directory>: M:\dlls\gm0\gm0\NOVCTest

    Filename                    Date        Time      Size         Version      
    --------------------------  ----------  --------  -----------  -------------
    novcmain.c                  02/09/2004  12:04:45       12,560               
    --------------------------  ----------  --------  -----------  -------------
    Count=1                                                12,560               


================================================================================
                            COMPONENT: "Help Files"
================================================================================

SUMMARY:
    Total Files:                1 (files for this component only)
    Source Bytes:      18,134,534 (files for this component only)


                       **** File Group: "Help Files" ****


<Directory>: M:\dlls\gm0\Documentation

    Filename                    Date        Time      Size         Version      
    --------------------------  ----------  --------  -----------  -------------
    GM05PROGRAMMING MANUAL.pdf  02/09/2004  12:04:36      517,149               
    --------------------------  ----------  --------  -----------  -------------
    Count=1                                               517,149               


================================================================================
                            COMPONENT: "Shared DLLs"
================================================================================

SUMMARY:
    Total Files:                4 (files for this component only)
    Source Bytes:      18,699,848 (files for this component only)


                      **** File Group: "Program DLLs" ****


<Directory>: M:\dlls\gm0\gm0\Release

    Filename                    Date        Time      Size         Version      
    --------------------------  ----------  --------  -----------  -------------
    gm0.dll                     02/09/2004  13:06:58       32,768  2.0.0.0      
    --------------------------  ----------  --------  -----------  -------------
    Count=1                                                32,768               


                      **** File Group: "Shared DLLs" ****


<Directory>: M:\dlls\gm0\labview

    Filename                    Date        Time      Size         Version      
    --------------------------  ----------  --------  -----------  -------------
    gmXcontrol.ocx              02/09/2004  12:04:58       36,864  1.0.0.0      
    --------------------------  ----------  --------  -----------  -------------
    Count=1                                                36,864               


<Directory>: M:\dlls\gm0\gm0\HMI_timer\Release

    Filename                    Date        Time      Size         Version      
    --------------------------  ----------  --------  -----------  -------------
    HMI_timer.dll               02/09/2004  12:04:43       69,632  1.0.0.0      
    --------------------------  ----------  --------  -----------  -------------
    Count=1                                                69,632               


<Directory>: M:\dlls\gm0\gm0\GMControl2\Release

    Filename                    Date        Time      Size         Version      
    --------------------------  ----------  --------  -----------  -------------
    GMControl2.dll              02/09/2004  12:04:41      426,050  2.0.0.0      
    --------------------------  ----------  --------  -----------  -------------
    Count=1                                               426,050               


================================================================================
                            COMPONENT: "System Dlls"
================================================================================

SUMMARY:
    Total Files:                3 (files for this component only)
    Source Bytes:      21,309,105 (files for this component only)


                      **** File Group: "System Dlls" ****


<Directory>: C:\WINNT\system32

    Filename                    Date        Time      Size         Version      
    --------------------------  ----------  --------  -----------  -------------
    msvbvm60.dll                08/23/2001  05:00:00    1,388,544  6.0.92.37    
    MFC42D.DLL                  06/17/1998  00:00:00      929,844  6.0.8168.0   
    msvcrt.dll                  05/04/2001  19:05:02      290,869  6.1.8924.0   
    --------------------------  ----------  --------  -----------  -------------
    Count=3                                             2,609,257               
