////////////////////////////////////////////////////////////////////////////////
///////////////////InstallShield Media Library Report Summary///////////////////
////////////////////////////////////////////////////////////////////////////////

Media Name      : File
Report Filename : M:\dlls\gm0\Hirst Gaussmeter Drivers\Media\File\Report Files\3-24-2003 4.14.03PM.rpt
Date            : 03/24/2003
Time            : 4:14PM

Number of Components:                4 
Number of File Groups:               5 
Number of Files:                    15 
Total Size of Files:         2,174,733 (bytes)

==========
COMPONENTS
==========


     Program Files
     Example Files
     Help Files
     Shared DLLs


////////////////////////////////////////////////////////////////////////////////
/////////////////////////////////Report Details/////////////////////////////////
////////////////////////////////////////////////////////////////////////////////


================================================================================
                           COMPONENT: "Program Files"
================================================================================

SUMMARY:
    Total Files:                2 (files for this component only)
    Source Bytes:          57,344 (files for this component only)


                **** File Group: "Program Executable Files" ****


<Directory>: M:\dlls\gm0\gm0\dlltest\Release

    Filename                    Date        Time      Size         Version      
    --------------------------  ----------  --------  -----------  -------------
    dlltest.exe                 11/29/2002  11:00:10       20,480  1.0.0.0      
    --------------------------  ----------  --------  -----------  -------------
    Count=1                                                20,480               


<Directory>: J:\dlls\gm0\VBGM0

    Filename                    Date        Time      Size         Version      
    --------------------------  ----------  --------  -----------  -------------
    GM0Example.exe              03/24/2003  15:58:41       36,864  1.0.0.0      
    --------------------------  ----------  --------  -----------  -------------
    Count=1                                                36,864               


================================================================================
                           COMPONENT: "Example Files"
================================================================================

SUMMARY:
    Total Files:                6 (files for this component only)
    Source Bytes:         140,167 (files for this component only)


                     **** File Group: "Example Files" ****


<Directory>: M:\dlls\gm0\gm0\dlltest

    Filename                    Date        Time      Size         Version      
    --------------------------  ----------  --------  -----------  -------------
    dlltest.cpp                 11/28/2002  15:31:46        8,242               
    --------------------------  ----------  --------  -----------  -------------
    Count=1                                                 8,242               


<Directory>: M:\dlls\gm0\gm0

    Filename                    Date        Time      Size         Version      
    --------------------------  ----------  --------  -----------  -------------
    gm0.h                       03/17/2003  12:53:09        3,696               
    --------------------------  ----------  --------  -----------  -------------
    Count=1                                                 3,696               


<Directory>: M:\dlls\gm0\gm0\Release

    Filename                    Date        Time      Size         Version      
    --------------------------  ----------  --------  -----------  -------------
    gm0.lib                     03/18/2003  11:05:18       11,702               
    --------------------------  ----------  --------  -----------  -------------
    Count=1                                                11,702               


<Directory>: J:\dlls\gm0\VBGM0

    Filename                    Date        Time      Size         Version      
    --------------------------  ----------  --------  -----------  -------------
    Form1.frm                   03/18/2003  10:59:24       10,650               
    Project1.vbp                03/24/2003  15:56:02          917               
    --------------------------  ----------  --------  -----------  -------------
    Count=2                                                11,567               


<Directory>: J:\dlls\gm0

    Filename                    Date        Time      Size         Version      
    --------------------------  ----------  --------  -----------  -------------
    GMExample2.xls              03/18/2003  11:09:06       47,616               
    --------------------------  ----------  --------  -----------  -------------
    Count=1                                                47,616               


================================================================================
                            COMPONENT: "Help Files"
================================================================================

SUMMARY:
    Total Files:                3 (files for this component only)
    Source Bytes:         257,739 (files for this component only)


                       **** File Group: "Help Files" ****


<Directory>: M:\dlls\gm0

    Filename                    Date        Time      Size         Version      
    --------------------------  ----------  --------  -----------  -------------
    GM0ControlAPI.rtf           11/29/2002  13:58:30       10,759               
    GM0DLLAPI.rtf               11/29/2002  13:58:16       31,863               
    Serial protocol.rtf         11/29/2002  13:59:26       74,950               
    --------------------------  ----------  --------  -----------  -------------
    Count=3                                               117,572               


================================================================================
                            COMPONENT: "Shared DLLs"
================================================================================

SUMMARY:
    Total Files:                4 (files for this component only)
    Source Bytes:       2,174,733 (files for this component only)


                      **** File Group: "Program DLLs" ****


<Directory>: M:\dlls\gm0\gm0\Release

    Filename                    Date        Time      Size         Version      
    --------------------------  ----------  --------  -----------  -------------
    gm0.dll                     03/17/2003  12:39:16       32,768  1.0.0.0      
    --------------------------  ----------  --------  -----------  -------------
    Count=1                                                32,768               


                      **** File Group: "Shared DLLs" ****


<Directory>: M:\dlls\gm0\gm0\HMI_timer\Release

    Filename                    Date        Time      Size         Version      
    --------------------------  ----------  --------  -----------  -------------
    HMI_timer.dll               03/17/2003  16:40:11       69,632  1.0.0.0      
    --------------------------  ----------  --------  -----------  -------------
    Count=1                                                69,632               


<Directory>: J:\dlls\gm0\gm0\GMControl2\Release

    Filename                    Date        Time      Size         Version      
    --------------------------  ----------  --------  -----------  -------------
    GMControl2.dll              03/18/2003  11:06:20      426,050  1.0.0.1      
    --------------------------  ----------  --------  -----------  -------------
    Count=1                                               426,050               


<Directory>: C:\WINNT\system32

    Filename                    Date        Time      Size         Version      
    --------------------------  ----------  --------  -----------  -------------
    msvbvm60.dll                08/23/2001  05:00:00    1,388,544  6.0.92.37    
    --------------------------  ----------  --------  -----------  -------------
    Count=1                                             1,388,544               
