////////////////////////////////////////////////////////////////////////////////
///////////////////InstallShield Media Library Report Summary///////////////////
////////////////////////////////////////////////////////////////////////////////

Media Name      : File
Report Filename : M:\dlls\gm0\Hirst Gaussmeter Drivers\Media\File\Report Files\3-24-2003 4.42.54PM.rpt
Date            : 03/24/2003
Time            : 4:42PM

Number of Components:                4 
Number of File Groups:               5 
Number of Files:                    48 
Total Size of Files:         2,797,468 (bytes)

==========
COMPONENTS
==========


     Program Files
     Example Files
     Help Files
     Shared DLLs


////////////////////////////////////////////////////////////////////////////////
/////////////////////////////////Report Details/////////////////////////////////
////////////////////////////////////////////////////////////////////////////////


================================================================================
                           COMPONENT: "Program Files"
================================================================================

SUMMARY:
    Total Files:                2 (files for this component only)
    Source Bytes:          57,344 (files for this component only)


                **** File Group: "Program Executable Files" ****


<Directory>: M:\dlls\gm0\gm0\dlltest\Release

    Filename                    Date        Time      Size         Version      
    --------------------------  ----------  --------  -----------  -------------
    dlltest.exe                 11/29/2002  11:00:10       20,480  1.0.0.0      
    --------------------------  ----------  --------  -----------  -------------
    Count=1                                                20,480               


<Directory>: J:\dlls\gm0\VBGM0

    Filename                    Date        Time      Size         Version      
    --------------------------  ----------  --------  -----------  -------------
    GM0Example.exe              03/24/2003  15:58:41       36,864  1.0.0.0      
    --------------------------  ----------  --------  -----------  -------------
    Count=1                                                36,864               


================================================================================
                           COMPONENT: "Example Files"
================================================================================

SUMMARY:
    Total Files:               39 (files for this component only)
    Source Bytes:         762,902 (files for this component only)


                     **** File Group: "Example Files" ****


<Directory>: J:\dlls\gm0

    Filename                    Date        Time      Size         Version      
    --------------------------  ----------  --------  -----------  -------------
    GMExample2.xls              03/18/2003  11:09:06       47,616               
    --------------------------  ----------  --------  -----------  -------------
    Count=1                                                47,616               


<Directory>: M:\dlls\gm0\VBGM0

    Filename                    Date        Time      Size         Version      
    --------------------------  ----------  --------  -----------  -------------
    Project1.vbp                03/24/2003  15:56:02          917               
    Form1.frm                   03/18/2003  10:59:24       10,650               
    --------------------------  ----------  --------  -----------  -------------
    Count=2                                                11,567               


<Directory>: M:\dlls\gm0\gm0\dlltest

    Filename                    Date        Time      Size         Version      
    --------------------------  ----------  --------  -----------  -------------
    dlltest.cpp                 11/28/2002  15:31:46        8,242               
    --------------------------  ----------  --------  -----------  -------------
    Count=1                                                 8,242               


<Directory>: M:\dlls\gm0\gm0

    Filename                    Date        Time      Size         Version      
    --------------------------  ----------  --------  -----------  -------------
    gm0.h                       03/17/2003  12:53:09        3,696               
    --------------------------  ----------  --------  -----------  -------------
    Count=1                                                 3,696               


<Directory>: M:\dlls\gm0\gm0\Release

    Filename                    Date        Time      Size         Version      
    --------------------------  ----------  --------  -----------  -------------
    gm0.lib                     03/24/2003  16:34:33       11,702               
    --------------------------  ----------  --------  -----------  -------------
    Count=1                                                11,702               


<Directory>: M:\dlls\gm0\GM05Disk

    Filename                    Date        Time      Size         Version      
    --------------------------  ----------  --------  -----------  -------------
    GM05.DOC                    11/25/1992  11:34:22          687               
    CONTENTS.DOC                09/15/1999  11:34:06        2,905               
    HARDWARE.DOC                11/25/1992  13:31:22        1,429               
    --------------------------  ----------  --------  -----------  -------------
    Count=3                                                 5,021               


<Directory>: M:\dlls\gm0\GM05Disk\GMCMD

    Filename                    Date        Time      Size         Version      
    --------------------------  ----------  --------  -----------  -------------
    MENU.CFG                    07/30/1993  11:06:18            7               
    Gmcmd.cpp                   09/15/1999  10:52:14       10,187               
    GMCMD.DSW                   09/15/1999  10:52:30        1,434               
    GMCMD.EXE                   09/15/1999  10:52:20       80,276               
    GMCMD.H                     11/11/1992  08:40:22          116               
    gmcmd.ide                   09/15/1999  10:52:30       27,600               
    GMCMD.BAK                   09/15/1999  10:51:56       10,187               
    USERSER.DOC                 11/24/1992  09:15:20       28,998               
    --------------------------  ----------  --------  -----------  -------------
    Count=8                                               158,805               


<Directory>: M:\dlls\gm0\GM05Disk\GMTIME

    Filename                    Date        Time      Size         Version      
    --------------------------  ----------  --------  -----------  -------------
    gmtime.ide                  09/15/1999  10:53:26       27,164               
    Gmtime.cpp                  09/15/1999  10:48:36        6,860               
    GMTIME.DSW                  09/15/1999  10:53:26          258               
    GMTIME.EXE                  09/15/1999  10:53:20       77,541               
    GM05.LOG                    01/09/1998  14:53:16       10,488               
    --------------------------  ----------  --------  -----------  -------------
    Count=5                                               122,311               


<Directory>: M:\dlls\gm0\GM05Disk\GMLOAD

    Filename                    Date        Time      Size         Version      
    --------------------------  ----------  --------  -----------  -------------
    REGISTER.DAT                09/15/1999  10:56:08            0               
    GMLOAD.BAK                  09/15/1999  10:48:14        5,889               
    Gmload.cpp                  09/15/1999  10:52:58        5,889               
    GMLOAD.DSW                  09/15/1999  10:53:12          505               
    GMLOAD.EXE                  09/15/1999  10:53:06       77,876               
    gmload.ide                  09/15/1999  10:53:12       27,076               
    GM05.LOG                    01/26/1998  09:38:16        7,756               
    --------------------------  ----------  --------  -----------  -------------
    Count=7                                               124,991               


<Directory>: M:\dlls\gm0\GM05Disk\GMVIS

    Filename                    Date        Time      Size         Version      
    --------------------------  ----------  --------  -----------  -------------
    gmvis.ide                   09/15/1999  10:58:02       26,584               
    Gmvis.cpp                   09/15/1999  10:48:58        2,308               
    GMVIS.DSW                   09/15/1999  10:58:00          258               
    GMVIS.EXE                   09/15/1999  10:57:44       93,040               
    GMVIS.~DE                   09/15/1999  10:53:38       26,584               
    --------------------------  ----------  --------  -----------  -------------
    Count=5                                               148,774               


<Directory>: M:\dlls\gm0\GM05Disk\SERLIB

    Filename                    Date        Time      Size         Version      
    --------------------------  ----------  --------  -----------  -------------
    USERSER.DOC                 11/25/1992  13:25:38       29,079               
    Gmcomms.cpp                 09/15/1999  10:51:14       13,906               
    GMCOMMS.H                   11/24/1992  09:16:12        3,201               
    SERLIB.DOC                  11/24/1992  09:53:00        2,751               
    GMCOMMS.BAK                 01/01/2000  12:25:56       13,896               
    --------------------------  ----------  --------  -----------  -------------
    Count=5                                                62,833               


================================================================================
                            COMPONENT: "Help Files"
================================================================================

SUMMARY:
    Total Files:                3 (files for this component only)
    Source Bytes:         880,474 (files for this component only)


                       **** File Group: "Help Files" ****


<Directory>: M:\dlls\gm0

    Filename                    Date        Time      Size         Version      
    --------------------------  ----------  --------  -----------  -------------
    GM0ControlAPI.rtf           11/29/2002  13:58:30       10,759               
    GM0DLLAPI.rtf               11/29/2002  13:58:16       31,863               
    Serial protocol.rtf         11/29/2002  13:59:26       74,950               
    --------------------------  ----------  --------  -----------  -------------
    Count=3                                               117,572               


================================================================================
                            COMPONENT: "Shared DLLs"
================================================================================

SUMMARY:
    Total Files:                4 (files for this component only)
    Source Bytes:       2,797,468 (files for this component only)


                      **** File Group: "Program DLLs" ****


<Directory>: M:\dlls\gm0\gm0\Release

    Filename                    Date        Time      Size         Version      
    --------------------------  ----------  --------  -----------  -------------
    gm0.dll                     03/24/2003  16:34:33       32,768  1.1.0.0      
    --------------------------  ----------  --------  -----------  -------------
    Count=1                                                32,768               


                      **** File Group: "Shared DLLs" ****


<Directory>: M:\dlls\gm0\gm0\HMI_timer\Release

    Filename                    Date        Time      Size         Version      
    --------------------------  ----------  --------  -----------  -------------
    HMI_timer.dll               03/24/2003  16:19:23       69,632  1.0.0.0      
    --------------------------  ----------  --------  -----------  -------------
    Count=1                                                69,632               


<Directory>: J:\dlls\gm0\gm0\GMControl2\Release

    Filename                    Date        Time      Size         Version      
    --------------------------  ----------  --------  -----------  -------------
    GMControl2.dll              03/24/2003  16:35:03      426,050  1.0.0.1      
    --------------------------  ----------  --------  -----------  -------------
    Count=1                                               426,050               


<Directory>: C:\WINNT\system32

    Filename                    Date        Time      Size         Version      
    --------------------------  ----------  --------  -----------  -------------
    msvbvm60.dll                08/23/2001  05:00:00    1,388,544  6.0.92.37    
    --------------------------  ----------  --------  -----------  -------------
    Count=1                                             1,388,544               
